#
# There is insufficient memory for the Java Runtime Environment to continue.
# Native memory allocation (malloc) failed to allocate 71824 bytes. Error detail: Chunk::new
# Possible reasons:
#   The system is out of physical RAM or swap space
#   This process is running with CompressedOops enabled, and the Java Heap may be blocking the growth of the native heap
# Possible solutions:
#   Reduce memory load on the system
#   Increase physical memory or swap space
#   Check if swap backing store is full
#   Decrease Java heap size (-Xmx/-Xms)
#   Decrease number of Java threads
#   Decrease Java thread stack sizes (-Xss)
#   Set larger code cache with -XX:ReservedCodeCacheSize=
#   JVM is running with Zero Based Compressed Oops mode in which the Java heap is
#     placed in the first 32GB address space. The Java Heap base address is the
#     maximum limit for the native heap growth. Please use -XX:HeapBaseMinAddress
#     to set the Java Heap base and to place the Java Heap above 32GB virtual address.
# This output file may be truncated or incomplete.
#
#  Out of Memory Error (arena.cpp:191), pid=23704, tid=22760
#
# JRE version: OpenJDK Runtime Environment Temurin-17.0.19+10 (17.0.19+10) (build 17.0.19+10)
# Java VM: OpenJDK 64-Bit Server VM Temurin-17.0.19+10 (17.0.19+10, mixed mode, sharing, tiered, compressed oops, compressed class ptrs, g1 gc, windows-amd64)
# No core dump will be written. Minidumps are not enabled by default on client versions of Windows
#

---------------  S U M M A R Y ------------

Command Line: -Dapplication.home=C:\Users\lampt\.gradle\jdks\eclipse_adoptium-17-amd64-windows.2 --add-modules=ALL-DEFAULT -Xms8m -Djdk.module.main=jdk.compiler jdk.compiler/com.sun.tools.javac.Main --system=none --patch-module=java.base=C:\Users\lampt\AppData\Local\Android\Sdk\platforms\android-35\core-for-system-modules.jar -d C:\Users\lampt\.gradle\caches\8.10.2\transforms\6476d102f2fc8b10fc08f5ea55e7ab8e-68e08258-ba82-4fd5-8bc0-c469d1a04aba\transformed\output\temp C:\Users\lampt\.gradle\caches\8.10.2\transforms\6476d102f2fc8b10fc08f5ea55e7ab8e-68e08258-ba82-4fd5-8bc0-c469d1a04aba\transformed\output\temp\module-info.java

Host: 12th Gen Intel(R) Core(TM) i3-1215U, 8 cores, 15G,  Windows 11 , 64 bit Build 22621 (10.0.22621.5415)
Time: Mon Sep 14 16:54:33 2026 Greenwich Standard Time elapsed time: 0.461715 seconds (0d 0h 0m 0s)

---------------  T H R E A D  ---------------

Current thread (0x0000012251c172d0):  JavaThread "C2 CompilerThread1" daemon [_thread_in_native, id=22760, stack(0x00000017bb100000,0x00000017bb200000)]


Current CompileTask:
C2:461  708       4       java.lang.StringUTF16::compress (50 bytes)

Stack: [0x00000017bb100000,0x00000017bb200000]
Native frames: (J=compiled Java code, j=interpreted, Vv=VM code, C=native code)
V  [jvm.dll+0x684b29]
V  [jvm.dll+0x83a2d5]
V  [jvm.dll+0x83bd4e]
V  [jvm.dll+0x83c3d3]
V  [jvm.dll+0x24905f]
V  [jvm.dll+0xad536]
V  [jvm.dll+0xadbdc]
V  [jvm.dll+0x368d9e]
V  [jvm.dll+0x3331d5]
V  [jvm.dll+0x33263a]
V  [jvm.dll+0x219e69]
V  [jvm.dll+0x2192af]
V  [jvm.dll+0x1a49f0]
V  [jvm.dll+0x2299fa]
V  [jvm.dll+0x227bab]
V  [jvm.dll+0x7f0a88]
V  [jvm.dll+0x7eaf1c]
V  [jvm.dll+0x6839f7]
C  [ucrtbase.dll+0x29333]
C  [KERNEL32.DLL+0x1259d]
C  [ntdll.dll+0x5af78]


---------------  P R O C E S S  ---------------

Threads class SMR info:
_java_thread_list=0x0000012251c438c0, length=13, elements={
0x000001222ec08820, 0x00000122519becb0, 0x00000122519bfb30, 0x00000122519d42d0,
0x00000122519d7cc0, 0x00000122519da790, 0x00000122519db150, 0x00000122519e0470,
0x00000122519e0e70, 0x00000122519e3880, 0x00000122519a98d0, 0x0000012251c172d0,
0x0000012251c71240
}

Java Threads: ( => current thread )
  0x000001222ec08820 JavaThread "main" [_thread_in_Java, id=10452, stack(0x00000017ba000000,0x00000017ba100000)]
  0x00000122519becb0 JavaThread "Reference Handler" daemon [_thread_blocked, id=5904, stack(0x00000017ba700000,0x00000017ba800000)]
  0x00000122519bfb30 JavaThread "Finalizer" daemon [_thread_blocked, id=6228, stack(0x00000017ba800000,0x00000017ba900000)]
  0x00000122519d42d0 JavaThread "Signal Dispatcher" daemon [_thread_blocked, id=19276, stack(0x00000017ba900000,0x00000017baa00000)]
  0x00000122519d7cc0 JavaThread "Attach Listener" daemon [_thread_blocked, id=2660, stack(0x00000017baa00000,0x00000017bab00000)]
  0x00000122519da790 JavaThread "Service Thread" daemon [_thread_blocked, id=5536, stack(0x00000017bab00000,0x00000017bac00000)]
  0x00000122519db150 JavaThread "Monitor Deflation Thread" daemon [_thread_blocked, id=3944, stack(0x00000017bac00000,0x00000017bad00000)]
  0x00000122519e0470 JavaThread "C2 CompilerThread0" daemon [_thread_in_native, id=9160, stack(0x00000017bad00000,0x00000017bae00000)]
  0x00000122519e0e70 JavaThread "C1 CompilerThread0" daemon [_thread_in_native, id=924, stack(0x00000017bae00000,0x00000017baf00000)]
  0x00000122519e3880 JavaThread "Sweeper thread" daemon [_thread_blocked, id=18184, stack(0x00000017baf00000,0x00000017bb000000)]
  0x00000122519a98d0 JavaThread "Common-Cleaner" daemon [_thread_blocked, id=17540, stack(0x00000017bb000000,0x00000017bb100000)]
=>0x0000012251c172d0 JavaThread "C2 CompilerThread1" daemon [_thread_in_native, id=22760, stack(0x00000017bb100000,0x00000017bb200000)]
  0x0000012251c71240 JavaThread "Notification Thread" daemon [_thread_blocked, id=11968, stack(0x00000017bb200000,0x00000017bb300000)]

Other Threads:
  0x00000122519b7a50 VMThread "VM Thread" [stack: 0x00000017ba600000,0x00000017ba700000] [id=11056]
  0x0000012251c196a0 WatcherThread [stack: 0x00000017bb300000,0x00000017bb400000] [id=10724]
  0x000001222ec75840 GCTaskThread "GC Thread#0" [stack: 0x00000017ba100000,0x00000017ba200000] [id=18568]
  0x0000012251d96120 GCTaskThread "GC Thread#1" [stack: 0x00000017bb400000,0x00000017bb500000] [id=8328]
  0x0000012251da6770 GCTaskThread "GC Thread#2" [stack: 0x00000017bb500000,0x00000017bb600000] [id=23676]
  0x0000012251da8a40 GCTaskThread "GC Thread#3" [stack: 0x00000017bb600000,0x00000017bb700000] [id=20760]
  0x00000122970639a0 GCTaskThread "GC Thread#4" [stack: 0x00000017bb700000,0x00000017bb800000] [id=12528]
  0x0000012251f8ec60 GCTaskThread "GC Thread#5" [stack: 0x00000017bb800000,0x00000017bb900000] [id=4188]
  0x000001222ec86290 ConcurrentGCThread "G1 Main Marker" [stack: 0x00000017ba200000,0x00000017ba300000] [id=15484]
  0x000001222ec86cb0 ConcurrentGCThread "G1 Conc#0" [stack: 0x00000017ba300000,0x00000017ba400000] [id=18520]
  0x000001222ecafbf0 ConcurrentGCThread "G1 Refine#0" [stack: 0x00000017ba400000,0x00000017ba500000] [id=23880]
  0x000001222ecb0620 ConcurrentGCThread "G1 Service" [stack: 0x00000017ba500000,0x00000017ba600000] [id=11096]

Threads with active compile tasks:
C2 CompilerThread0  488  873       4       com.sun.tools.javac.util.Name$Table::hashValue (36 bytes)
C1 CompilerThread0  488  876   !   3       java.lang.String::<init> (840 bytes)
C2 CompilerThread1  488  708       4       java.lang.StringUTF16::compress (50 bytes)

VM state: at safepoint (normal execution)

VM Mutex/Monitor currently owned by a thread:  ([mutex/lock_event])
[0x000001222ec036a0] Threads_lock - owner thread: 0x00000122519b7a50
[0x000001222ec02a40] Heap_lock - owner thread: 0x000001222ec08820

Heap address: 0x0000000705000000, size: 4016 MB, Compressed Oops mode: Zero based, Oop shift amount: 3

CDS archive(s) mapped at: [0x0000012252000000-0x0000012252bb0000-0x0000012252bb0000), size 12255232, SharedBaseAddress: 0x0000012252000000, ArchiveRelocationMode: 1.
Compressed class space mapped at: 0x0000012253000000-0x0000012293000000, reserved size: 1073741824
Narrow klass base: 0x0000012252000000, Narrow klass shift: 0, Narrow klass range: 0x100000000

GC Precious Log:
 CPUs: 8 total, 8 available
 Memory: 16057M
 Large Page Support: Disabled
 NUMA Support: Disabled
 Compressed Oops: Enabled (Zero based)
 Heap Region Size: 2M
 Heap Min Capacity: 8M
 Heap Initial Capacity: 8M
 Heap Max Capacity: 4016M
 Pre-touch: Disabled
 Parallel Workers: 8
 Concurrent Workers: 2
 Concurrent Refinement Workers: 8
 Periodic GC: Disabled

Heap:
 garbage-first heap   total 8192K, used 4697K [0x0000000705000000, 0x0000000800000000)
  region size 2048K, 2 young (4096K), 1 survivors (2048K)
 Metaspace       used 8113K, committed 8256K, reserved 1114112K
  class space    used 952K, committed 1024K, reserved 1048576K

Heap Regions: E=young(eden), S=young(survivor), O=old, HS=humongous(starts), HC=humongous(continues), CS=collection set, F=free, OA=open archive, CA=closed archive, TAMS=top-at-mark-start (previous, next)
|   0|0x0000000705000000, 0x00000007050f78d0, 0x0000000705200000| 48%| O|  |TAMS 0x0000000705000000, 0x0000000705000000| Untracked 
|   1|0x0000000705200000, 0x00000007052353c0, 0x0000000705400000| 10%| S|  |TAMS 0x0000000705200000, 0x0000000705200000| Complete 
|   2|0x0000000705400000, 0x00000007055ad320, 0x0000000705600000| 83%| E|CS|TAMS 0x0000000705400000, 0x0000000705400000| Complete 
|   3|0x0000000705600000, 0x0000000705800000, 0x0000000705800000|100%| E|CS|TAMS 0x0000000705600000, 0x0000000705600000| Complete 

Card table byte_map: [0x00000122462b0000,0x0000012246a90000] _byte_map_base: 0x0000012242a88000

Marking Bits (Prev, Next): (CMBitMap*) 0x000001222ec75e60, (CMBitMap*) 0x000001222ec75ea0
 Prev Bits: [0x0000012247270000, 0x000001224b130000)
 Next Bits: [0x000001224b130000, 0x000001224eff0000)

Polling page: 0x000001222cb20000

Metaspace:

Usage:
  Non-class:      6.99 MB used.
      Class:    952.47 KB used.
       Both:      7.92 MB used.

Virtual space:
  Non-class space:       64.00 MB reserved,       7.06 MB ( 11%) committed,  1 nodes.
      Class space:        1.00 GB reserved,       1.00 MB ( <1%) committed,  1 nodes.
             Both:        1.06 GB reserved,       8.06 MB ( <1%) committed. 

Chunk freelists:
   Non-Class:  6.41 MB
       Class:  14.94 MB
        Both:  21.34 MB

MaxMetaspaceSize: unlimited
CompressedClassSpaceSize: 1.00 GB
Initial GC threshold: 21.00 MB
Current GC threshold: 21.00 MB
CDS: on
MetaspaceReclaimPolicy: balanced
 - commit_granule_bytes: 65536.
 - commit_granule_words: 8192.
 - virtual_space_node_default_size: 8388608.
 - enlarge_chunks_in_place: 1.
 - new_chunks_are_fully_committed: 0.
 - uncommit_free_chunks: 1.
 - use_allocation_guard: 0.
 - handle_deallocations: 1.


Internal statistics:

num_allocs_failed_limit: 0.
num_arena_births: 56.
num_arena_deaths: 0.
num_vsnodes_births: 2.
num_vsnodes_deaths: 0.
num_space_committed: 129.
num_space_uncommitted: 0.
num_chunks_returned_to_freelist: 0.
num_chunks_taken_from_freelist: 327.
num_chunk_merges: 0.
num_chunk_splits: 236.
num_chunks_enlarged: 187.
num_inconsistent_stats: 0.

CodeHeap 'non-profiled nmethods': size=120000Kb used=261Kb max_used=261Kb free=119738Kb
 bounds [0x000001223e260000, 0x000001223e4d0000, 0x0000012245790000]
CodeHeap 'profiled nmethods': size=120000Kb used=1390Kb max_used=1390Kb free=118609Kb
 bounds [0x0000012236790000, 0x0000012236a00000, 0x000001223dcc0000]
CodeHeap 'non-nmethods': size=5760Kb used=1135Kb max_used=1154Kb free=4624Kb
 bounds [0x000001223dcc0000, 0x000001223df30000, 0x000001223e260000]
 total_blobs=1287 nmethods=869 adapters=331
 compilation: enabled
              stopped_count=0, restarted_count=0
 full_count=0

Compilation events (20 events):
Event: 0.459 Thread 0x00000122519e0e70  730       3       jdk.nio.zipfs.ZipConstants::LG (22 bytes)
Event: 0.459 Thread 0x00000122519e0e70 nmethod 730 0x00000122368ac710 code [0x00000122368ac8e0, 0x00000122368accb8]
Event: 0.459 Thread 0x00000122519e0e70  726       1       java.util.concurrent.locks.AbstractQueuedSynchronizer::getState (5 bytes)
Event: 0.459 Thread 0x00000122519e0e70 nmethod 726 0x000001223e29ba10 code [0x000001223e29bba0, 0x000001223e29bc78]
Event: 0.459 Thread 0x00000122519e0e70  727       1       jdk.nio.zipfs.ZipPath::getFileSystem (5 bytes)
Event: 0.459 Thread 0x00000122519e0e70 nmethod 727 0x000001223e29bd10 code [0x000001223e29bea0, 0x000001223e29bf78]
Event: 0.459 Thread 0x00000122519e0e70  728       1       java.util.concurrent.locks.ReentrantReadWriteLock::readLock (5 bytes)
Event: 0.459 Thread 0x00000122519e0e70 nmethod 728 0x000001223e29c010 code [0x000001223e29c1a0, 0x000001223e29c278]
Event: 0.459 Thread 0x00000122519e0e70  732       3       java.time.temporal.ValueRange::isValidValue (24 bytes)
Event: 0.459 Thread 0x00000122519e0e70 nmethod 732 0x00000122368ace90 code [0x00000122368ad040, 0x00000122368ad218]
Event: 0.459 Thread 0x00000122519e0e70  733       3       java.lang.String::codePointAt (50 bytes)
Event: 0.459 Thread 0x00000122519e0e70 nmethod 733 0x00000122368ad290 code [0x00000122368ad480, 0x00000122368ad828]
Event: 0.459 Thread 0x00000122519e0e70  731       3       java.lang.ThreadLocal$ThreadLocalMap::getEntry (42 bytes)
Event: 0.459 Thread 0x00000122519e0e70 nmethod 731 0x00000122368ada10 code [0x00000122368adbe0, 0x00000122368adfb8]
Event: 0.459 Thread 0x00000122519e0e70  735       3       java.util.ArrayList$Itr::hasNext (20 bytes)
Event: 0.459 Thread 0x00000122519e0e70 nmethod 735 0x00000122368ae190 code [0x00000122368ae320, 0x00000122368ae498]
Event: 0.459 Thread 0x00000122519e0e70  736       3       jdk.nio.zipfs.ZipPath::<init> (67 bytes)
Event: 0.459 Thread 0x00000122519e0470  744       4       java.util.HashMap::getNode (150 bytes)
Event: 0.460 Thread 0x00000122519e0e70 nmethod 736 0x00000122368ae590 code [0x00000122368ae7a0, 0x00000122368aeea8]
Event: 0.460 Thread 0x00000122519e0e70  734       3       java.util.AbstractList::<init> (10 bytes)

GC Heap History (6 events):
Event: 0.145 GC heap before
{Heap before GC invocations=0 (full 0):
 garbage-first heap   total 8192K, used 2048K [0x0000000705000000, 0x0000000800000000)
  region size 2048K, 1 young (2048K), 0 survivors (0K)
 Metaspace       used 1579K, committed 1728K, reserved 1114112K
  class space    used 187K, committed 256K, reserved 1048576K
}
Event: 0.147 GC heap after
{Heap after GC invocations=1 (full 0):
 garbage-first heap   total 8192K, used 1040K [0x0000000705000000, 0x0000000800000000)
  region size 2048K, 1 young (2048K), 1 survivors (2048K)
 Metaspace       used 1579K, committed 1728K, reserved 1114112K
  class space    used 187K, committed 256K, reserved 1048576K
}
Event: 0.304 GC heap before
{Heap before GC invocations=1 (full 0):
 garbage-first heap   total 8192K, used 1040K [0x0000000705000000, 0x0000000800000000)
  region size 2048K, 2 young (4096K), 1 survivors (2048K)
 Metaspace       used 5306K, committed 5504K, reserved 1114112K
  class space    used 650K, committed 768K, reserved 1048576K
}
Event: 0.306 GC heap after
{Heap after GC invocations=2 (full 0):
 garbage-first heap   total 8192K, used 1825K [0x0000000705000000, 0x0000000800000000)
  region size 2048K, 1 young (2048K), 1 survivors (2048K)
 Metaspace       used 5306K, committed 5504K, reserved 1114112K
  class space    used 650K, committed 768K, reserved 1048576K
}
Event: 0.427 GC heap before
{Heap before GC invocations=2 (full 0):
 garbage-first heap   total 8192K, used 1825K [0x0000000705000000, 0x0000000800000000)
  region size 2048K, 2 young (4096K), 1 survivors (2048K)
 Metaspace       used 7808K, committed 7936K, reserved 1114112K
  class space    used 920K, committed 960K, reserved 1048576K
}
Event: 0.430 GC heap after
{Heap after GC invocations=3 (full 0):
 garbage-first heap   total 8192K, used 2649K [0x0000000705000000, 0x0000000800000000)
  region size 2048K, 1 young (2048K), 1 survivors (2048K)
 Metaspace       used 7808K, committed 7936K, reserved 1114112K
  class space    used 920K, committed 960K, reserved 1048576K
}

Dll operation events (6 events):
Event: 0.006 Loaded shared library C:\Users\lampt\.gradle\jdks\eclipse_adoptium-17-amd64-windows.2\bin\java.dll
Event: 0.021 Loaded shared library C:\Users\lampt\.gradle\jdks\eclipse_adoptium-17-amd64-windows.2\bin\jsvml.dll
Event: 0.061 Loaded shared library C:\Users\lampt\.gradle\jdks\eclipse_adoptium-17-amd64-windows.2\bin\jimage.dll
Event: 0.150 Loaded shared library C:\Users\lampt\.gradle\jdks\eclipse_adoptium-17-amd64-windows.2\bin\net.dll
Event: 0.151 Loaded shared library C:\Users\lampt\.gradle\jdks\eclipse_adoptium-17-amd64-windows.2\bin\nio.dll
Event: 0.445 Loaded shared library C:\Users\lampt\.gradle\jdks\eclipse_adoptium-17-amd64-windows.2\bin\zip.dll

Deoptimization events (20 events):
Event: 0.363 Thread 0x000001222ec08820 Uncommon trap: trap_request=0xffffff45 fr.pc=0x000001223e287acc relative=0x000000000000048c
Event: 0.363 Thread 0x000001222ec08820 Uncommon trap: reason=unstable_if action=reinterpret pc=0x000001223e287acc method=java.lang.StringLatin1.replace([BCC)Ljava/lang/String; @ 19 c2
Event: 0.363 Thread 0x000001222ec08820 DEOPT PACKING pc=0x000001223e287acc sp=0x00000017ba0fec10
Event: 0.363 Thread 0x000001222ec08820 DEOPT UNPACKING pc=0x000001223dd169a3 sp=0x00000017ba0feb90 mode 2
Event: 0.456 Thread 0x000001222ec08820 Uncommon trap: trap_request=0xffffffc6 fr.pc=0x000001223e2979c4 relative=0x0000000000000664
Event: 0.456 Thread 0x000001222ec08820 Uncommon trap: reason=bimorphic_or_optimized_type_check action=maybe_recompile pc=0x000001223e2979c4 method=java.util.HashMap.getNode(Ljava/lang/Object;)Ljava/util/HashMap$Node; @ 128 c2
Event: 0.456 Thread 0x000001222ec08820 DEOPT PACKING pc=0x000001223e2979c4 sp=0x00000017ba0fdee0
Event: 0.456 Thread 0x000001222ec08820 DEOPT UNPACKING pc=0x000001223dd169a3 sp=0x00000017ba0fde78 mode 2
Event: 0.456 Thread 0x000001222ec08820 Uncommon trap: trap_request=0xffffffc6 fr.pc=0x000001223e2979c4 relative=0x0000000000000664
Event: 0.456 Thread 0x000001222ec08820 Uncommon trap: reason=bimorphic_or_optimized_type_check action=maybe_recompile pc=0x000001223e2979c4 method=java.util.HashMap.getNode(Ljava/lang/Object;)Ljava/util/HashMap$Node; @ 128 c2
Event: 0.456 Thread 0x000001222ec08820 DEOPT PACKING pc=0x000001223e2979c4 sp=0x00000017ba0fdee0
Event: 0.456 Thread 0x000001222ec08820 DEOPT UNPACKING pc=0x000001223dd169a3 sp=0x00000017ba0fde78 mode 2
Event: 0.456 Thread 0x000001222ec08820 Uncommon trap: trap_request=0xffffffc6 fr.pc=0x000001223e2979c4 relative=0x0000000000000664
Event: 0.456 Thread 0x000001222ec08820 Uncommon trap: reason=bimorphic_or_optimized_type_check action=maybe_recompile pc=0x000001223e2979c4 method=java.util.HashMap.getNode(Ljava/lang/Object;)Ljava/util/HashMap$Node; @ 128 c2
Event: 0.456 Thread 0x000001222ec08820 DEOPT PACKING pc=0x000001223e2979c4 sp=0x00000017ba0fdee0
Event: 0.456 Thread 0x000001222ec08820 DEOPT UNPACKING pc=0x000001223dd169a3 sp=0x00000017ba0fde78 mode 2
Event: 0.456 Thread 0x000001222ec08820 Uncommon trap: trap_request=0xffffffc6 fr.pc=0x000001223e2979c4 relative=0x0000000000000664
Event: 0.456 Thread 0x000001222ec08820 Uncommon trap: reason=bimorphic_or_optimized_type_check action=maybe_recompile pc=0x000001223e2979c4 method=java.util.HashMap.getNode(Ljava/lang/Object;)Ljava/util/HashMap$Node; @ 128 c2
Event: 0.456 Thread 0x000001222ec08820 DEOPT PACKING pc=0x000001223e2979c4 sp=0x00000017ba0fdee0
Event: 0.457 Thread 0x000001222ec08820 DEOPT UNPACKING pc=0x000001223dd169a3 sp=0x00000017ba0fde78 mode 2

Classes loaded (20 events):
Event: 0.454 Loading class java/nio/file/Files$AcceptAllFilter
Event: 0.454 Loading class java/nio/file/Files$AcceptAllFilter done
Event: 0.454 Loading class java/nio/file/ClosedDirectoryStreamException
Event: 0.454 Loading class java/nio/file/ClosedDirectoryStreamException done
Event: 0.454 Loading class java/nio/file/DirectoryIteratorException
Event: 0.454 Loading class java/util/ConcurrentModificationException
Event: 0.454 Loading class java/util/ConcurrentModificationException done
Event: 0.454 Loading class java/nio/file/DirectoryIteratorException done
Event: 0.454 Loading class java/nio/file/FileTreeWalker$DirectoryNode
Event: 0.455 Loading class java/nio/file/FileTreeWalker$DirectoryNode done
Event: 0.455 Loading class java/nio/file/FileTreeWalker$Event
Event: 0.455 Loading class java/nio/file/FileTreeWalker$Event done
Event: 0.455 Loading class java/nio/file/FileTreeWalker$EventType
Event: 0.455 Loading class java/nio/file/FileTreeWalker$EventType done
Event: 0.455 Loading class java/nio/file/Files$3
Event: 0.455 Loading class java/nio/file/Files$3 done
Event: 0.455 Loading class java/nio/file/FileVisitResult
Event: 0.455 Loading class java/nio/file/FileVisitResult done
Event: 0.455 Loading class sun/nio/fs/BasicFileAttributesHolder
Event: 0.456 Loading class sun/nio/fs/BasicFileAttributesHolder done

Classes unloaded (0 events):
No events

Classes redefined (0 events):
No events

Internal exceptions (14 events):
Event: 0.129 Thread 0x000001222ec08820 Exception <a 'java/lang/NoSuchMethodError'{0x00000007057ddc00}: 'void java.lang.invoke.DirectMethodHandle$Holder.invokeSpecial(java.lang.Object, java.lang.Object, java.lang.Object)'> (0x00000007057ddc00) 
thrown [s\src\hotspot\share\interpreter\linkResolver.cpp, line 759]
Event: 0.163 Thread 0x000001222ec08820 Exception <a 'java/lang/NoSuchMethodError'{0x000000070563b1e0}: 'java.lang.Object java.lang.invoke.DirectMethodHandle$Holder.invokeVirtual(java.lang.Object, java.lang.Object, java.lang.Object)'> (0x000000070563b1e0) 
thrown [s\src\hotspot\share\interpreter\linkResolver.cpp, line 759]
Event: 0.165 Thread 0x000001222ec08820 Exception <a 'java/lang/NoSuchMethodError'{0x0000000705646a88}: 'int java.lang.invoke.DirectMethodHandle$Holder.invokeInterface(java.lang.Object, java.lang.Object)'> (0x0000000705646a88) 
thrown [s\src\hotspot\share\interpreter\linkResolver.cpp, line 759]
Event: 0.175 Thread 0x000001222ec08820 Exception <a 'sun/nio/fs/WindowsException'{0x00000007056650c0}> (0x00000007056650c0) 
thrown [s\src\hotspot\share\prims\jni.cpp, line 516]
Event: 0.176 Thread 0x000001222ec08820 Exception <a 'java/lang/NoSuchMethodError'{0x000000070566b8b0}: 'int java.lang.invoke.DirectMethodHandle$Holder.invokeVirtual(java.lang.Object, java.lang.Object, java.lang.Object)'> (0x000000070566b8b0) 
thrown [s\src\hotspot\share\interpreter\linkResolver.cpp, line 759]
Event: 0.177 Thread 0x000001222ec08820 Exception <a 'java/lang/NoSuchMethodError'{0x0000000705672208}: 'void java.lang.invoke.DirectMethodHandle$Holder.invokeInterface(java.lang.Object, java.lang.Object, java.lang.Object)'> (0x0000000705672208) 
thrown [s\src\hotspot\share\interpreter\linkResolver.cpp, line 759]
Event: 0.256 Thread 0x000001222ec08820 Exception <a 'java/lang/NoSuchMethodError'{0x00000007057846f8}: 'int java.lang.invoke.DirectMethodHandle$Holder.invokeStaticInit(java.lang.Object, java.lang.Object)'> (0x00000007057846f8) 
thrown [s\src\hotspot\share\interpreter\linkResolver.cpp, line 759]
Event: 0.319 Thread 0x000001222ec08820 Exception <a 'java/lang/NoSuchMethodError'{0x00000007056305e8}: 'int java.lang.invoke.DirectMethodHandle$Holder.invokeVirtual(java.lang.Object, java.lang.Object)'> (0x00000007056305e8) 
thrown [s\src\hotspot\share\interpreter\linkResolver.cpp, line 759]
Event: 0.324 Thread 0x000001222ec08820 Exception <a 'java/lang/NoSuchMethodError'{0x000000070565b0c8}: 'java.lang.Object java.lang.invoke.DirectMethodHandle$Holder.newInvokeSpecial(java.lang.Object, java.lang.Object, java.lang.Object, java.lang.Object, java.lang.Object)'> (0x000000070565b0c8) 
thrown [s\src\hotspot\share\interpreter\linkResolver.cpp, line 759]
Event: 0.326 Thread 0x000001222ec08820 Exception <a 'java/lang/NoSuchMethodError'{0x0000000705669a50}: 'java.lang.Object java.lang.invoke.DirectMethodHandle$Holder.newInvokeSpecial(java.lang.Object, java.lang.Object, java.lang.Object, java.lang.Object, java.lang.Object, java.lang.Object)'> (0x0000000705669a50) 
thrown [s\src\hotspot\share\interpreter\linkResolver.cpp, line 759]
Event: 0.340 Thread 0x000001222ec08820 Exception <a 'sun/nio/fs/WindowsException'{0x00000007056b3a18}> (0x00000007056b3a18) 
thrown [s\src\hotspot\share\prims\jni.cpp, line 516]
Event: 0.342 Thread 0x000001222ec08820 Exception <a 'java/lang/NoSuchMethodError'{0x00000007056b5220}: 'java.lang.Object java.lang.invoke.DirectMethodHandle$Holder.invokeStaticInit(java.lang.Object)'> (0x00000007056b5220) 
thrown [s\src\hotspot\share\interpreter\linkResolver.cpp, line 759]
Event: 0.409 Thread 0x000001222ec08820 Exception <a 'java/lang/NoSuchMethodError'{0x0000000705794ab8}: 'void java.lang.invoke.DirectMethodHandle$Holder.invokeStatic(java.lang.Object, java.lang.Object)'> (0x0000000705794ab8) 
thrown [s\src\hotspot\share\interpreter\linkResolver.cpp, line 759]
Event: 0.410 Thread 0x000001222ec08820 Exception <a 'sun/nio/fs/WindowsException'{0x000000070579ece8}> (0x000000070579ece8) 
thrown [s\src\hotspot\share\prims\jni.cpp, line 516]

VM Operations (12 events):
Event: 0.132 Executing VM operation: HandshakeAllThreads
Event: 0.132 Executing VM operation: HandshakeAllThreads done
Event: 0.144 Executing VM operation: HandshakeAllThreads
Event: 0.144 Executing VM operation: HandshakeAllThreads done
Event: 0.145 Executing VM operation: G1CollectForAllocation
Event: 0.148 Executing VM operation: G1CollectForAllocation done
Event: 0.168 Executing VM operation: HandshakeAllThreads
Event: 0.168 Executing VM operation: HandshakeAllThreads done
Event: 0.304 Executing VM operation: G1CollectForAllocation
Event: 0.306 Executing VM operation: G1CollectForAllocation done
Event: 0.427 Executing VM operation: G1CollectForAllocation
Event: 0.430 Executing VM operation: G1CollectForAllocation done

Memory protections (0 events):
No events

Nmethod flushes (0 events):
No events

Events (13 events):
Event: 0.021 Thread 0x000001222ec08820 Thread added: 0x000001222ec08820
Event: 0.024 Thread 0x000001222ec08820 Thread added: 0x00000122519becb0
Event: 0.024 Thread 0x000001222ec08820 Thread added: 0x00000122519bfb30
Event: 0.031 Thread 0x000001222ec08820 Thread added: 0x00000122519d42d0
Event: 0.031 Thread 0x000001222ec08820 Thread added: 0x00000122519d7cc0
Event: 0.031 Thread 0x000001222ec08820 Thread added: 0x00000122519da790
Event: 0.031 Thread 0x000001222ec08820 Thread added: 0x00000122519db150
Event: 0.031 Thread 0x000001222ec08820 Thread added: 0x00000122519e0470
Event: 0.031 Thread 0x000001222ec08820 Thread added: 0x00000122519e0e70
Event: 0.031 Thread 0x000001222ec08820 Thread added: 0x00000122519e3880
Event: 0.046 Thread 0x000001222ec08820 Thread added: 0x00000122519a98d0
Event: 0.056 Thread 0x00000122519e0e70 Thread added: 0x0000012251c172d0
Event: 0.059 Thread 0x000001222ec08820 Thread added: 0x0000012251c71240


Dynamic libraries:
0x00007ff6590e0000 - 0x00007ff6590e8000 	C:\Users\lampt\.gradle\jdks\eclipse_adoptium-17-amd64-windows.2\bin\javac.exe
0x00007ff829db0000 - 0x00007ff829fc8000 	C:\WINDOWS\SYSTEM32\ntdll.dll
0x00007ff827eb0000 - 0x00007ff827f74000 	C:\WINDOWS\System32\KERNEL32.DLL
0x00007ff8271d0000 - 0x00007ff8275a3000 	C:\WINDOWS\System32\KERNELBASE.dll
0x00007ff827810000 - 0x00007ff827921000 	C:\WINDOWS\System32\ucrtbase.dll
0x00007ffff6b30000 - 0x00007ffff6b4e000 	C:\Users\lampt\.gradle\jdks\eclipse_adoptium-17-amd64-windows.2\bin\VCRUNTIME140.dll
0x00007ffff5f30000 - 0x00007ffff5f48000 	C:\Users\lampt\.gradle\jdks\eclipse_adoptium-17-amd64-windows.2\bin\jli.dll
0x00007ff828950000 - 0x00007ff828b02000 	C:\WINDOWS\System32\USER32.dll
0x00007ff8277e0000 - 0x00007ff827806000 	C:\WINDOWS\System32\win32u.dll
0x00007ff80c5a0000 - 0x00007ff80c83c000 	C:\WINDOWS\WinSxS\amd64_microsoft.windows.common-controls_6595b64144ccf1df_6.0.22621.6060_none_2712eda17382d24b\COMCTL32.dll
0x00007ff829be0000 - 0x00007ff829c09000 	C:\WINDOWS\System32\GDI32.dll
0x00007ff8270b0000 - 0x00007ff8271cb000 	C:\WINDOWS\System32\gdi32full.dll
0x00007ff828180000 - 0x00007ff828227000 	C:\WINDOWS\System32\msvcrt.dll
0x00007ff827930000 - 0x00007ff8279ca000 	C:\WINDOWS\System32\msvcp_win.dll
0x00007ff827b20000 - 0x00007ff827b51000 	C:\WINDOWS\System32\IMM32.DLL
0x00007ff80bab0000 - 0x00007ff80babc000 	C:\Users\lampt\.gradle\jdks\eclipse_adoptium-17-amd64-windows.2\bin\vcruntime140_1.dll
0x00007fffe0960000 - 0x00007fffe09ed000 	C:\Users\lampt\.gradle\jdks\eclipse_adoptium-17-amd64-windows.2\bin\msvcp140.dll
0x00007fff9a1e0000 - 0x00007fff9ae4c000 	C:\Users\lampt\.gradle\jdks\eclipse_adoptium-17-amd64-windows.2\bin\server\jvm.dll
0x00007ff8280c0000 - 0x00007ff828171000 	C:\WINDOWS\System32\ADVAPI32.dll
0x00007ff827fa0000 - 0x00007ff828048000 	C:\WINDOWS\System32\sechost.dll
0x00007ff826f40000 - 0x00007ff826f68000 	C:\WINDOWS\System32\bcrypt.dll
0x00007ff827bd0000 - 0x00007ff827ce8000 	C:\WINDOWS\System32\RPCRT4.dll
0x00007ff828bc0000 - 0x00007ff828c31000 	C:\WINDOWS\System32\WS2_32.dll
0x00007ff81d750000 - 0x00007ff81d784000 	C:\WINDOWS\SYSTEM32\WINMM.dll
0x00007ff826d90000 - 0x00007ff826ddd000 	C:\WINDOWS\SYSTEM32\POWRPROF.dll
0x00007ff818cf0000 - 0x00007ff818cfa000 	C:\WINDOWS\SYSTEM32\VERSION.dll
0x00007ff826d70000 - 0x00007ff826d83000 	C:\WINDOWS\SYSTEM32\UMPDC.dll
0x00007ff825ea0000 - 0x00007ff825eb8000 	C:\WINDOWS\SYSTEM32\kernel.appcore.dll
0x00007ff800050000 - 0x00007ff80005a000 	C:\Users\lampt\.gradle\jdks\eclipse_adoptium-17-amd64-windows.2\bin\jimage.dll
0x00007ff824a90000 - 0x00007ff824cc3000 	C:\WINDOWS\SYSTEM32\DBGHELP.DLL
0x00007ff8297e0000 - 0x00007ff829b71000 	C:\WINDOWS\System32\combase.dll
0x00007ff8282e0000 - 0x00007ff8283b8000 	C:\WINDOWS\System32\OLEAUT32.dll
0x00007ff802f90000 - 0x00007ff802fc2000 	C:\WINDOWS\SYSTEM32\dbgcore.DLL
0x00007ff8279d0000 - 0x00007ff827a4b000 	C:\WINDOWS\System32\bcryptPrimitives.dll
0x00007fffebde0000 - 0x00007fffebe05000 	C:\Users\lampt\.gradle\jdks\eclipse_adoptium-17-amd64-windows.2\bin\java.dll
0x00007fffa43f0000 - 0x00007fffa44c7000 	C:\Users\lampt\.gradle\jdks\eclipse_adoptium-17-amd64-windows.2\bin\jsvml.dll
0x00007ff828f40000 - 0x00007ff8297dc000 	C:\WINDOWS\System32\SHELL32.dll
0x00007ff826f70000 - 0x00007ff8270af000 	C:\WINDOWS\System32\wintypes.dll
0x00007ff824dc0000 - 0x00007ff8256da000 	C:\WINDOWS\SYSTEM32\windows.storage.dll
0x00007ff8283c0000 - 0x00007ff8284c4000 	C:\WINDOWS\System32\SHCORE.dll
0x00007ff828050000 - 0x00007ff8280b9000 	C:\WINDOWS\System32\shlwapi.dll
0x00007ff826df0000 - 0x00007ff826e15000 	C:\WINDOWS\SYSTEM32\profapi.dll
0x00007fffe8af0000 - 0x00007fffe8b0a000 	C:\Users\lampt\.gradle\jdks\eclipse_adoptium-17-amd64-windows.2\bin\net.dll
0x00007ff820f80000 - 0x00007ff8210ac000 	C:\WINDOWS\SYSTEM32\WINHTTP.dll
0x00007ff826380000 - 0x00007ff8263e9000 	C:\WINDOWS\system32\mswsock.dll
0x00007fffe85f0000 - 0x00007fffe8606000 	C:\Users\lampt\.gradle\jdks\eclipse_adoptium-17-amd64-windows.2\bin\nio.dll
0x00007fffe9000000 - 0x00007fffe9018000 	C:\Users\lampt\.gradle\jdks\eclipse_adoptium-17-amd64-windows.2\bin\zip.dll

dbghelp: loaded successfully - version: 4.0.5 - missing functions: none
symbol engine: initialized successfully - sym options: 0x614 - pdb path: .;C:\Users\lampt\.gradle\jdks\eclipse_adoptium-17-amd64-windows.2\bin;C:\WINDOWS\SYSTEM32;C:\WINDOWS\WinSxS\amd64_microsoft.windows.common-controls_6595b64144ccf1df_6.0.22621.6060_none_2712eda17382d24b;C:\Users\lampt\.gradle\jdks\eclipse_adoptium-17-amd64-windows.2\bin\server

VM Arguments:
jvm_args: -Dapplication.home=C:\Users\lampt\.gradle\jdks\eclipse_adoptium-17-amd64-windows.2 --add-modules=ALL-DEFAULT -Xms8m -Djdk.module.main=jdk.compiler 
java_command: jdk.compiler/com.sun.tools.javac.Main --system=none --patch-module=java.base=C:\Users\lampt\AppData\Local\Android\Sdk\platforms\android-35\core-for-system-modules.jar -d C:\Users\lampt\.gradle\caches\8.10.2\transforms\6476d102f2fc8b10fc08f5ea55e7ab8e-68e08258-ba82-4fd5-8bc0-c469d1a04aba\transformed\output\temp C:\Users\lampt\.gradle\caches\8.10.2\transforms\6476d102f2fc8b10fc08f5ea55e7ab8e-68e08258-ba82-4fd5-8bc0-c469d1a04aba\transformed\output\temp\module-info.java
java_class_path (initial): <not set>
Launcher Type: SUN_STANDARD

[Global flags]
     intx CICompilerCount                          = 4                                         {product} {ergonomic}
     uint ConcGCThreads                            = 2                                         {product} {ergonomic}
     uint G1ConcRefinementThreads                  = 8                                         {product} {ergonomic}
   size_t G1HeapRegionSize                         = 2097152                                   {product} {ergonomic}
    uintx GCDrainStackTargetSize                   = 64                                        {product} {ergonomic}
   size_t InitialHeapSize                          = 8388608                                   {product} {command line}
   size_t MarkStackSize                            = 4194304                                   {product} {ergonomic}
   size_t MaxHeapSize                              = 4211081216                                {product} {ergonomic}
   size_t MaxNewSize                               = 2524971008                                {product} {ergonomic}
   size_t MinHeapDeltaBytes                        = 2097152                                   {product} {ergonomic}
   size_t MinHeapSize                              = 8388608                                   {product} {command line}
    uintx NonNMethodCodeHeapSize                   = 5839372                                {pd product} {ergonomic}
    uintx NonProfiledCodeHeapSize                  = 122909434                              {pd product} {ergonomic}
    uintx ProfiledCodeHeapSize                     = 122909434                              {pd product} {ergonomic}
    uintx ReservedCodeCacheSize                    = 251658240                              {pd product} {ergonomic}
     bool SegmentedCodeCache                       = true                                      {product} {ergonomic}
   size_t SoftMaxHeapSize                          = 4211081216                             {manageable} {ergonomic}
     bool UseCompressedClassPointers               = true                           {product lp64_product} {ergonomic}
     bool UseCompressedOops                        = true                           {product lp64_product} {ergonomic}
     bool UseG1GC                                  = true                                      {product} {ergonomic}
     bool UseLargePagesIndividualAllocation        = false                                  {pd product} {ergonomic}

Logging:
Log output configuration:
 #0: stdout all=warning uptime,level,tags
 #1: stderr all=off uptime,level,tags

Environment Variables:
PATH=C:\WINDOWS\system32;C:\WINDOWS;C:\WINDOWS\System32\Wbem;C:\WINDOWS\System32\WindowsPowerShell\v1.0\;C:\WINDOWS\System32\OpenSSH\;C:\Program Files\Git\cmd;C:\Users\lampt\AppData\Local\Programs\Python\Python314\Scripts\;C:\Users\lampt\AppData\Local\Programs\Python\Python314\;C:\Users\lampt\.local\bin;C:\Users\lampt\AppData\Local\Microsoft\WindowsApps;C:\Users\lampt\AppData\Local\Programs\Microsoft VS Code\bin
USERNAME=lampt
OS=Windows_NT
PROCESSOR_IDENTIFIER=Intel64 Family 6 Model 154 Stepping 4, GenuineIntel
TMP=C:\Users\lampt\AppData\Local\Temp
TEMP=C:\Users\lampt\AppData\Local\Temp



Periodic native trim disabled


---------------  S Y S T E M  ---------------

OS:
 Windows 11 , 64 bit Build 22621 (10.0.22621.5415)
OS uptime: 2 days 16:15 hours

CPU: total 8 (initial active 8) (4 cores per cpu, 2 threads per core) family 6 model 154 stepping 4 microcode 0x432, cx8, cmov, fxsr, ht, mmx, 3dnowpref, sse, sse2, sse3, ssse3, sse4.1, sse4.2, popcnt, lzcnt, tsc, tscinvbit, avx, avx2, aes, erms, clmul, bmi1, bmi2, adx, sha, fma, vzeroupper, clflush, clflushopt, clwb
Processor Information for processor 0
  Max Mhz: 1200, Current Mhz: 1200, Mhz Limit: 1200
Processor Information for processor 1
  Max Mhz: 1200, Current Mhz: 1200, Mhz Limit: 1200
Processor Information for processor 2
  Max Mhz: 1200, Current Mhz: 1200, Mhz Limit: 1200
Processor Information for processor 3
  Max Mhz: 1200, Current Mhz: 1200, Mhz Limit: 1200
Processor Information for processor 4
  Max Mhz: 1200, Current Mhz: 900, Mhz Limit: 900
Processor Information for processor 5
  Max Mhz: 1200, Current Mhz: 900, Mhz Limit: 900
Processor Information for processor 6
  Max Mhz: 1200, Current Mhz: 900, Mhz Limit: 900
Processor Information for processor 7
  Max Mhz: 1200, Current Mhz: 900, Mhz Limit: 900

Memory: 4k page, system-wide physical 16057M (454M free)
TotalPageFile size 26057M (AvailPageFile size 3M)
current process WorkingSet (physical memory assigned to process): 64M, peak: 64M
current process commit charge ("private bytes"): 100M, peak: 100M

vm_info: OpenJDK 64-Bit Server VM (17.0.19+10) for windows-amd64 JRE (17.0.19+10), built on Apr 25 2026 08:04:44 by "admin" with MS VC++ 17.12 (VS2022)

END.
